// Jest Snapshot v1, https://goo.gl/fbAQLP

exports[`<Main /> shallow rendering should have proper snapshot 1`] = `
<div>
  <h1>
     
    <Link
      to="/"
    >
       Categories Catalog 
    </Link>
     
  </h1>
  <Route
    component={[Function]}
    exact={true}
    path="/"
  />
  <Route
    path="/Register"
    render={[Function]}
  />
  <Route
    path="/Login"
    render={[Function]}
  />
  <Route
    path="/Categories"
    render={[Function]}
  />
  <Route
    path="/AddCategory"
    render={[Function]}
  />
  <Route
    path="/Category/:id"
    render={[Function]}
  />
</div>
`;
